200 covered events sampled, 8 already fetched, 192 to fetch this run (blackout_days=7)
  [1/192] Verizon Media Inc.                       window=2021-04-26..2021-05-03 -> 0 articles
  [2/192] Avendra, LLC                             window=2017-10-09..2017-10-16 -> 50 articles
  [3/192] Vivint Smart Home, Inc.                  window=2022-11-29..2022-12-06 -> 0 articles
  [4/192] TPG Pace Solutions Corp.                 window=2021-07-22..2021-07-29 -> 0 articles
  [5/192] Chamberlain Group, Inc.                  window=2021-08-31..2021-09-07 -> 50 articles
  [6/192] Northeast Marcellus assets               window=2021-04-29..2021-05-06 -> 0 articles
  [7/192] Archimedes Tech SPAC Partners Co.        window=2021-11-09..2021-11-16 -> 0 articles
  [8/192] Qualtrics International Inc.*            window=2023-03-05..2023-03-12 -> 50 articles
  [9/192] Gerber Life Insurance Company            window=2018-09-10..2018-09-17 -> 14 articles
  [10/192] Raytheon Company                         window=2019-06-02..2019-06-09 -> 0 articles
  [11/192] The AZEK Company Inc.                    window=2025-03-16..2025-03-23 -> 0 articles
  [12/192] Epiq Systems, Inc.*                      window=2016-07-20..2016-07-27 -> 0 articles
  [13/192] Stericycle, Inc.                         window=2024-05-27..2024-06-03 -> 50 articles
  [14/192] IVERIC bio, Inc.*                        window=2023-04-23..2023-04-30 -> 0 articles
  [15/192] Alleghany Corporation                    window=2022-03-14..2022-03-21 -> 50 articles
  [16/192] Kraton Corporation                       window=2021-09-20..2021-09-27 -> 34 articles
  [17/192] Mortgage Loan Portfolio                  window=2017-03-01..2017-03-08 -> 0 articles
  [18/192] Forty Seven, Inc.*                       window=2020-02-24..2020-03-02 -> 0 articles
  [19/192] Milestone Apartments Real Estate Investm window=2017-01-12..2017-01-19 -> 50 articles
  [20/192] Weights and Biases, LLC*                 window=2025-02-25..2025-03-04 -> 0 articles
  [21/192] Hulu, LLC                                window=2023-10-25..2023-11-01 -> 0 articles
  [22/192] Equitrans Midstream Corporation          window=2024-03-04..2024-03-11 -> 50 articles
  [23/192] Texas natural gas pipeline portfolio     window=2023-10-30..2023-11-06 -> 6 articles
  [24/192] Auris Health, Inc.                       window=2019-02-06..2019-02-13 -> 0 articles
  [25/192] Pluralsight, LLC*                        window=2020-12-06..2020-12-13 -> 50 articles
  [26/192] Walgreens Boots Alliance, Inc.*          window=2025-02-27..2025-03-06 -> 50 articles
  [27/192] Affinivax, Inc.*                         window=2022-05-24..2022-05-31 -> 50 articles
  [28/192] PDV Holding, Inc.                        window=2024-09-20..2024-09-27 -> 0 articles
  [29/192] First Data Corporation*                  window=2019-01-09..2019-01-16 -> 0 articles
  [30/192] Elkay Manufacturing Company, Inc.        window=2022-02-07..2022-02-14 -> 0 articles
  [31/192] Air Lease Corporation                    window=2025-08-26..2025-09-02 -> 0 articles
  [32/192] Avidity Biosciences, Inc.*               window=2025-10-19..2025-10-26 -> 0 articles
  [33/192] Hologic, Inc.*                           window=2025-10-14..2025-10-21 -> 0 articles
  [34/192] Aleris Corporation                       window=2018-07-19..2018-07-26 -> 0 articles
  [35/192] Avon Products, Inc.                      window=2019-05-15..2019-05-22 -> 0 articles
  [36/192] SP Plus Corporation                      window=2023-09-28..2023-10-05 -> 0 articles
  [37/192] Spring Valley Acquisition Corp.          window=2021-12-07..2021-12-14 -> 18 articles
  [38/192] USG Corporation                          window=2018-03-19..2018-03-26 -> 0 articles
  [39/192] Plantronics, Inc.                        window=2022-03-21..2022-03-28 -> 0 articles
  [40/192] MPM Holdings Inc.*                       window=2018-09-06..2018-09-13 -> 0 articles
  [41/192] Portfolio of investment assets*          window=2017-10-10..2017-10-17 -> 0 articles
  [42/192] MedRisk, LLC                             window=2021-02-15..2021-02-22 -> 0 articles
  [43/192] Champions Group Holdings                 window=2026-02-10..2026-02-17 -> 50 articles
  [44/192] Microsemi Corporation                    window=2018-02-22..2018-03-01 -> 0 articles
  [45/192] Embrace Pet Insurance Agency LLC         window=2023-11-22..2023-11-29 -> 0 articles
  [46/192] Heritage-Crystal Clean, Inc.*            window=2023-07-12..2023-07-19 -> 23 articles
  [47/192] The GI Alliance Management, LLC*         window=2024-11-04..2024-11-11 -> 0 articles
  [48/192] Oaktree Capital Management, L.P.         window=2025-10-06..2025-10-13 -> 0 articles
  [49/192] Flagstar Bancorp, Inc.*                  window=2021-04-19..2021-04-26 -> 0 articles
  [50/192] VPC Impact Acquisition Holdings          window=2021-01-04..2021-01-11 -> 37 articles
  [51/192] Kenvue Inc.                              window=2025-10-27..2025-11-03 -> 50 articles
  [52/192] Commercial Renewables business           window=2023-06-05..2023-06-12 -> 0 articles
  [53/192] Oak Hill Advisors, L.P.                  window=2021-10-21..2021-10-28 -> 0 articles
  [54/192] WPX Energy, Inc.*                        window=2020-09-21..2020-09-28 -> 50 articles
  [55/192] The AES Corporation                      window=2026-02-23..2026-03-02 -> 50 articles
  [56/192] Zogenix, Inc.                            window=2022-01-12..2022-01-19 -> 50 articles
  [57/192] GE Transportation                        window=2018-05-14..2018-05-21 -> 0 articles
  [58/192] El Paso Electric Company                 window=2019-05-27..2019-06-03 -> 14 articles
  [59/192] The Exchange on 16th*                    window=2021-03-01..2021-03-08 -> 0 articles
  [60/192] Genco Shipping & Trading Limited         window=2025-11-17..2025-11-24 -> 0 articles
  [61/192] RAPT Therapeutics, Inc.*                 window=2026-01-13..2026-01-20 -> 0 articles
  [62/192] Medical Liability Mutual Insurance Compa window=2016-07-11..2016-07-18 -> 0 articles
  [63/192] Upstream and Midstream Assets            window=2025-04-15..2025-04-22 -> 0 articles
  [64/192] OmniMax International, Inc.*             window=2025-11-10..2025-11-17 -> 0 articles
  [65/192] Great American Life Insurance Company    window=2021-01-20..2021-01-27 -> 14 articles
  [66/192] AmeriPride Services Inc.                 window=2017-10-09..2017-10-16 -> 0 articles
  [67/192] HashiCorp, Inc.*                         window=2024-04-17..2024-04-24 -> 0 articles
  [68/192] Genesee & Wyoming Inc.*                  window=2019-06-24..2019-07-01 -> 0 articles
  [69/192] Hanger, Inc.*                            window=2022-07-14..2022-07-21 -> 0 articles
  [70/192] Continental Building Products, Inc.*     window=2019-11-05..2019-11-12 -> 50 articles
  [71/192] Cincinnati Bell Inc.                     window=2020-01-17..2020-01-24 -> 23 articles
  [72/192] Armis Inc.*                              window=2019-12-30..2020-01-06 -> 50 articles
  [73/192] Whitestone REIT                          window=2025-10-28..2025-11-04 -> 5 articles
  [74/192] Natus Medical Incorporated*              window=2022-04-11..2022-04-18 -> 0 articles
  [75/192] Tableau Software, LLC                    window=2019-06-03..2019-06-10 -> 50 articles
  [76/192] Earthstone Energy, Inc.*                 window=2023-08-14..2023-08-21 -> 0 articles
  [77/192] SRC Energy Inc.                          window=2019-08-19..2019-08-26 -> 0 articles
  [78/192] Pilot Travel Centers LLC                 window=2023-01-24..2023-01-31 -> 0 articles
  [79/192] ArcLight Clean Transition Corp.          window=2021-01-05..2021-01-12 -> 36 articles
  [80/192] HPS Investment Partners, LLC             window=2024-11-26..2024-12-03 -> 0 articles
  [81/192] TerraForm Power, Inc.                    window=2020-01-06..2020-01-13 -> 50 articles
  [82/192] Cura Partners, Inc.*                     window=2019-04-24..2019-05-01 -> 0 articles
  [83/192] Worldpay, LLC                            window=2025-04-10..2025-04-17 -> 0 articles
  [84/192] Ranger Oil Corporation*                  window=2023-02-21..2023-02-28 -> 0 articles
  [85/192] Retina Consultants of America*           window=2024-10-30..2024-11-06 -> 0 articles
  [86/192] Continental Resources, Inc.              window=2022-06-07..2022-06-14 -> 0 articles
  [87/192] DentaQuest Group, Inc.*                  window=2021-09-26..2021-10-03 -> 0 articles
  [88/192] Ennis-Flint Inc.*                        window=2020-11-23..2020-11-30 -> 0 articles
  [89/192] CityCenter Holdings, LLC                 window=2021-06-24..2021-07-01 -> 0 articles
  [90/192] Enverus, Inc.                            window=2025-07-30..2025-08-06 -> 0 articles
  [91/192] VWR Corporation                          window=2017-04-28..2017-05-05 -> 0 articles
  [92/192] Physicians Realty Trust                  window=2023-10-23..2023-10-30 -> 0 articles
  [93/192] CenterState Bank Corporation             window=2020-01-20..2020-01-27 -> 28 articles
  [94/192] Navitas Midstream Partners, LLC*         window=2022-01-03..2022-01-10 -> 0 articles
  [95/192] SCANA Corporation                        window=2017-12-27..2018-01-03 -> 50 articles
  [96/192] Twitter, Inc.                            window=2022-04-07..2022-04-14 -> 0 articles
  [97/192] Silver Bay Realty Trust Corp.            window=2017-02-20..2017-02-27 -> 0 articles
  [98/192] GVB Biopharma                            window=2022-05-06..2022-05-13 -> 0 articles
  [99/192] CF Finance Acquisition Corp. II          window=2020-11-23..2020-11-30 -> 0 articles
  [100/192] Switch, Inc.                             window=2022-05-04..2022-05-11 -> 50 articles
  [101/192] Reinvent Technology Partners             window=2021-02-17..2021-02-24 -> 0 articles
  [102/192] Specialty Networks, LLC*                 window=2024-01-24..2024-01-31 -> 9 articles
  [103/192] CoreLogic, Inc.*                         window=2021-01-28..2021-02-04 -> 50 articles
  [104/192] Mountain Lake Acquisition Corp. II       window=2026-04-02..2026-04-09 -> 0 articles
  [105/192] Avalon Acquisition Inc.                  window=2022-09-14..2022-09-21 -> 10 articles
  [106/192] Six Flags Entertainment Corporation      window=2023-10-26..2023-11-02 -> 50 articles
  [107/192] Tivity Health, Inc.*                     window=2022-03-29..2022-04-05 -> 0 articles
  [108/192] Marketo, Inc.*                           window=2018-09-13..2018-09-20 -> 50 articles
  [109/192] Alliance Healthcare Services, Inc.       window=2021-06-18..2021-06-25 -> 0 articles
  [110/192] FirstEnergy Transmission, LLC            window=2023-01-26..2023-02-02 -> 0 articles
  [111/192] Viper Holdings Corporation               window=2022-02-08..2022-02-15 -> 0 articles
  [112/192] Headwaters Incorporated                  window=2016-11-13..2016-11-20 -> 0 articles
  [113/192] American Renal Associates Holdings, Inc. window=2020-09-25..2020-10-02 -> 13 articles
  [114/192] Puget Holdings LLC                       window=2018-08-01..2018-08-08 -> 50 articles
  [115/192] Nielsen Holdings plc*                    window=2022-03-22..2022-03-29 -> 0 articles
  [116/192] Columbia Pipeline Partners LP            window=2016-09-19..2016-09-26 -> 0 articles
  [117/192] Screaming Eagle Acquisition Corp.        window=2023-11-03..2023-11-10 -> 0 articles
  [118/192] Phillips 66 Partners LP                  window=2021-10-20..2021-10-27 -> 0 articles
  [119/192] Statsig, Inc.*                           window=2025-08-26..2025-09-02 -> 0 articles
  [120/192] Discovery Midstream Partners, LLC*       window=2018-07-23..2018-07-30 -> 0 articles
  [121/192] Milacron Holdings Corp.                  window=2019-07-05..2019-07-12 -> 0 articles
  [122/192] Rockwell Collins, Inc.                   window=2017-08-28..2017-09-04 -> 0 articles
  [123/192] Cooper Tire & Rubber Company             window=2021-02-15..2021-02-22 -> 37 articles
  [124/192] NavSight Holdings, Inc.                  window=2021-02-22..2021-03-01 -> 0 articles
  [125/192] Varian Medical Systems, Inc.             window=2020-07-26..2020-08-02 -> 0 articles
  [126/192] Copeland LP*                             window=2024-05-30..2024-06-06 -> 0 articles
  [127/192] Surgery Partners, Inc.*                  window=2017-05-03..2017-05-10 -> 0 articles
  [128/192] NexTier Oilfield Solutions Inc.*         window=2023-06-08..2023-06-15 -> 0 articles
  [129/192] Concho Resources Inc.                    window=2020-10-12..2020-10-19 -> 0 articles
  [130/192] Pittsburgh Penguins, Inc.*               window=2025-12-12..2025-12-19 -> 50 articles
  [131/192] Cox Communications, Inc.                 window=2025-05-09..2025-05-16 -> 0 articles
  [132/192] A Software Company, Inc.                 window=2025-09-11..2025-09-18 -> 0 articles
  [133/192] AmeriGas Partners, L.P.                  window=2019-03-26..2019-04-02 -> 19 articles
  [134/192] Mailgun Technologies, Inc.*              window=2021-09-23..2021-09-30 -> 14 articles
  [135/192] Maverick Natural Resources, LLC*         window=2025-01-20..2025-01-27 -> 16 articles
  [136/192] TravelCenters of America Inc.            window=2023-02-08..2023-02-15 -> 0 articles
  [137/192] BioTelemetry, Inc.                       window=2020-12-11..2020-12-18 -> 50 articles
  [138/192] Mead Johnson Nutrition Company           window=2017-02-03..2017-02-10 -> 0 articles
  [139/192] Dun & Bradstreet Holdings, Inc.*         window=2025-03-17..2025-03-24 -> 0 articles
  [140/192] Boardwalk Pipeline Partners, LP          window=2018-06-22..2018-06-29 -> 0 articles
  [141/192] Cepheid, Inc.                            window=2016-08-30..2016-09-06 -> 0 articles
  [142/192] Quest Software, Inc.*                    window=2021-11-22..2021-11-29 -> 0 articles
  [143/192] Electronic Arts Inc.*                    window=2025-09-22..2025-09-29 -> 50 articles
  [144/192] Chemtura Corporation                     window=2016-09-18..2016-09-25 -> 0 articles
  [145/192] MoPub, Inc.                              window=2021-09-29..2021-10-06 -> 50 articles
  [146/192] Nexeo Solutions, Inc.*                   window=2018-09-10..2018-09-17 -> 0 articles
  [147/192] LiveRamp Holdings, Inc.                  window=2026-05-10..2026-05-17 -> 25 articles
  [148/192] Time Inc.                                window=2017-11-19..2017-11-26 -> 0 articles
  [149/192] Coupa Software Incorporated*             window=2022-12-05..2022-12-12 -> 50 articles
  [150/192] Newfield Exploration Company             window=2018-10-25..2018-11-01 -> 0 articles
  [151/192] Turnitin, LLC                            window=2019-02-27..2019-03-06 -> 26 articles
  [152/192] Advance Energy Partners, LLC*            window=2023-01-17..2023-01-24 -> 0 articles
  [153/192] Donlin Gold LLC                          window=2025-04-15..2025-04-22 -> 26 articles
  [154/192] CompoSecure, Inc.                        window=2024-07-31..2024-08-07 -> 5 articles
  [155/192] Retail Properties of America, Inc.       window=2021-07-12..2021-07-19 -> 0 articles
  [156/192] Aviation Capital Group LLC               window=2019-09-02..2019-09-09 -> 50 articles
  [157/192] Viela Bio, Inc.*                         window=2021-01-25..2021-02-01 -> 0 articles
  [158/192] iPipeline*                               window=2019-08-01..2019-08-08 -> 0 articles
  [159/192] Clearwater Analytics Holdings, Inc.*     window=2025-12-14..2025-12-21 -> 0 articles
  [160/192] EverBank Financial Corp*                 window=2016-08-01..2016-08-08 -> 0 articles
  [161/192] Callidus Software Inc.                   window=2018-01-23..2018-01-30 -> 50 articles
  [162/192] Integral Ad Science Holding Corp.*       window=2025-09-17..2025-09-24 -> 0 articles
  [163/192] Sotheby's                                window=2019-06-10..2019-06-17 -> 9 articles
  [164/192] Day One Biopharmaceuticals, Inc.*        window=2026-02-27..2026-03-06 -> 11 articles
  [165/192] Houghton Mifflin Harcourt Company*       window=2022-02-15..2022-02-22 -> 18 articles
  [166/192] The Los Angeles Lakers, Inc.             window=2025-06-11..2025-06-18 -> 0 articles
  [167/192] Perspecta Inc.*                          window=2021-01-20..2021-01-27 -> 0 articles
  [168/192] Tesla, Inc.                              window=2021-03-24..2021-03-31 -> 0 articles
  [169/192] Thunder Bridge Acquisition II, Ltd.      window=2020-12-08..2020-12-15 -> 0 articles
  [170/192] IM Flash Technologies, LLC               window=2019-01-07..2019-01-14 -> 0 articles
  [171/192] Pivotal Home Solutions, LLC*             window=2021-10-22..2021-10-29 -> 0 articles
  [172/192] R1 RCM Inc.*                             window=2024-07-25..2024-08-01 -> 24 articles
  [173/192] Oaktree Acquisition Corp. II             window=2021-11-30..2021-12-07 -> 0 articles
  [174/192] Bluerock Residential Growth REIT, Inc.   window=2021-12-13..2021-12-20 -> 0 articles
  [175/192] Team Health Holdings, Inc.*              window=2016-10-24..2016-10-31 -> 0 articles
  [176/192] Panera Bread Company*                    window=2017-03-29..2017-04-05 -> 50 articles
  [177/192] Kaman Corporation*                       window=2024-01-12..2024-01-19 -> 12 articles
  [178/192] ARMO BioSciences, Inc.*                  window=2018-05-03..2018-05-10 -> 50 articles
  [179/192] Commscope Technologies LLC               window=2024-07-11..2024-07-18 -> 17 articles
  [180/192] Fiber Solutions Business                 window=2025-03-06..2025-03-13 -> 45 articles
  [181/192] Wesco Aircraft Holdings, Inc.*           window=2019-08-02..2019-08-09 -> 49 articles
  [182/192] Sykes Enterprises, Incorporated          window=2021-06-11..2021-06-18 -> 0 articles
  [183/192] HCM II Acquisition Corp.                 window=2025-03-19..2025-03-26 -> 0 articles
  [184/192] Tenneco Inc.                             window=2022-02-15..2022-02-22 -> 50 articles
  [185/192] Cayan LLC*                               window=2017-12-11..2017-12-18 -> 50 articles
  [186/192] Trebia Acquisition Corp.*                window=2021-06-22..2021-06-29 -> 0 articles
  [187/192] Securiti, Inc.*                          window=2025-10-14..2025-10-21 -> 0 articles
  [188/192] Syntel, Inc.                             window=2018-07-15..2018-07-22 -> 0 articles
  [189/192] Wind and solar power plants              window=2018-08-29..2018-09-05 -> 0 articles
  [190/192] Certain Mineral And Royalty Interests*   window=2023-08-29..2023-09-05 -> 0 articles
  [191/192] Total System Services LLC                window=2025-04-10..2025-04-17 -> 0 articles
  [192/192] Grifols Diagnostic Solutions Inc.        window=2018-11-14..2018-11-21 -> 0 articles
Done. 67/192 events had >=1 article this run (34.9%).
Total cache: 2,727 rows -> /Users/cindyfu/Desktop/UCB/Industry Project - JPM/data/raw/news/ma_event_news_blackout.csv
