5,493 unique GDELT URLs total, 0 already attempted, 5,493 to fetch this run
  [50/5493] ok=20 last=too_short                    https://www.msn.com/en-us/money/markets/midland-county-emerging-as-per
  [100/5493] ok=45 last=OK                           https://www.tmcnet.com/usubmit/2021/02/17/9309265.htm
  [150/5493] ok=73 last=OK                           https://www.texasguardian.com/news/267201611/rubber-tire-market-global
  [200/5493] ok=83 last=status_404_or_non_html       https://paymentweek.com/2017-12-5-black-friday-mobile-payments-didnt-g
  [250/5493] ok=104 last=OK                           http://www.albiladpress.com/news/2017/3156/spaces/431268.html
  [300/5493] ok=129 last=status_404_or_non_html       https://www.dailypolitical.com/2019/11/19/gci-liberty-inc-nasdaqgliba-
  [350/5493] ok=155 last=OK                           https://www.benzinga.com/news/earnings/20/10/17989690/earnings-schedul
  [400/5493] ok=183 last=OK                           https://finance.sina.com.cn/money/forex/forexanaly/2019-01-10/doc-ihqf
  [450/5493] ok=201 last=OK                           http://www.econotimes.com/Singaporean-economic-growth-decelerates-in-Q
  [500/5493] ok=240 last=OK                           https://bleacherreport.com/articles/25204868-david-greenwood-dies-age-
  [550/5493] ok=274 last=status_404_or_non_html       https://www.dailypolitical.com/2018/12/05/financial-analysis-raytheon-
  [600/5493] ok=288 last=OK                           https://www.finanznachrichten.de/nachrichten-2023-03/58477805-cti-biop
  [650/5493] ok=313 last=ReadTimeout                  http://www.miamiherald.com/news/business/article198254289.html
  [700/5493] ok=341 last=OK                           https://www.sharecast.com/news/market-report-us-close/us-close-five-da
  [750/5493] ok=366 last=status_404_or_non_html       https://www.themarketsdaily.com/2025/05/10/coterra-energy-inc-nysectra
  [800/5493] ok=399 last=status_403_or_non_html       https://www.businesswire.com/news/home/20190425005323/en/Continental-B
  [850/5493] ok=422 last=OK                           https://www.wenatcheeworld.com/news/bill-would-pause-new-wind-and-sola
  [900/5493] ok=445 last=OK                           https://www.themiddlemarket.com/latest-news/banks-private-credit-firms
  [950/5493] ok=478 last=OK                           https://lasvegassun.com/news/2025/mar/23/live-coverage-golden-knights-
  [1000/5493] ok=521 last=OK                           https://www.cnet.com/home/internet/stay-connected-while-traveling-here
  [1050/5493] ok=542 last=too_short                    http://www.comunicati.net/comunicati/aziende/moda/552024.html
  [1100/5493] ok=559 last=OK                           https://www.selectscience.net/article/fda-clearance-and-ce-mark-for-au
  [1150/5493] ok=594 last=OK                           https://www.mdjonline.com/news/marietta-students-educators-surprised-w
  [1200/5493] ok=632 last=OK                           https://www.shephardmedia.com/news/digital-battlespace/raytheon-aids-e
  [1250/5493] ok=664 last=OK                           https://www.cnnchile.com/ladecada-entretenimiento/mon-laferte-artista-
  [1300/5493] ok=698 last=OK                           https://www.theverge.com/2021/3/25/22351157/tesla-elon-musk-delete-ant
  [1350/5493] ok=721 last=too_short                    https://cnafinance.com/sunedison-sune-stock-why-it-tanked-friday-and-w
  [1400/5493] ok=730 last=status_403_or_non_html       https://www.gobytrucknews.com/swift-trucking-alliance/123
  [1450/5493] ok=735 last=OK                           https://www.prnewswire.com/news-releases/nielsen-board-discloses-propo
  [1500/5493] ok=760 last=too_short                    https://www.vernonmorningstar.com/news/dispatch-from-ukraine-war-brain
  [1550/5493] ok=790 last=OK                           https://www.mdzol.com/politica/2021/10/10/la-critica-de-jorge-macri-ki
  [1600/5493] ok=821 last=OK                           https://siliconangle.com/2021/05/03/dell-sell-boomi-software-business-
  [1650/5493] ok=849 last=ConnectionError              https://etfdailynews.com/news/arizona-state-retirement-system-grows-po
  [1700/5493] ok=890 last=too_short                    https://timesofindia.indiatimes.com/nri/us-canada-news/two-indian-orig
  [1750/5493] ok=902 last=status_404_or_non_html       https://www.dailypolitical.com/2017/12/31/syntel-synt-rating-lowered-t
  [1800/5493] ok=924 last=status_404_or_non_html       http://xx.sdnews.com.cn/./xx/202002/t20200225_2691115.htm
  [1850/5493] ok=946 last=too_short                    https://www.dailyrepublic.com/all-dr-news/wires/how-californias-voters
  [1900/5493] ok=974 last=status_500_or_non_html       http://techno.bigmir.net/technology/1620811-Kachestvo-vo-vsem--Obzor-b
  [1950/5493] ok=998 last=status_404_or_non_html       https://www.radiotimes.com/news/tv/2019-10-29/mandalorian-trailer-star
  [2000/5493] ok=1028 last=OK                           https://www.irishecho.com/2024/4/dinapoli-questions-corporations-on-ma
  [2050/5493] ok=1062 last=OK                           https://www.nbd.com.cn/articles/2024-05-10/3384355.html
  [2100/5493] ok=1066 last=too_short                    https://www.thepharmaletter.com/listing/one-to-watch-companies/vaccine
  [2150/5493] ok=1069 last=status_404_or_non_html       https://www.santafenewmexican.com/life/features/11-ways-ai-will-reinve
  [2200/5493] ok=1106 last=OK                           https://www.fijivillage.com/news/Muaniweni-College-urged-to-uphold-dis
  [2250/5493] ok=1138 last=status_404_or_non_html       https://www.thestockobserver.com/2017/06/16/signaturefd-llc-raises-sta
  [2300/5493] ok=1163 last=OK                           https://cleantechnica.com/2022/06/02/big-batteries-for-the-south-pacif
  [2350/5493] ok=1186 last=status_403_or_non_html       https://www.thestreet.com/investing/five-questions-to-ask-when-markets
  [2400/5493] ok=1213 last=status_526_or_non_html       https://www.modernreaders.com/news/2023/08/18/contrasting-altagas-otcm
  [2450/5493] ok=1245 last=OK                           https://www.jaxdailyrecord.com/article/downtown-centerstate-bank-is-re
  [2500/5493] ok=1262 last=too_short                    https://www.chicagobusiness.com/technology/west-michigan-facility-oper
  [2550/5493] ok=1285 last=too_short                    https://www.record-eagle.com/news/leland-man-charged-in-csc-probe-assa
  [2600/5493] ok=1324 last=OK                           https://www.heraldscotland.com/news/19139405.boris-johnson-misled-parl
  [2650/5493] ok=1342 last=too_short                    https://sleekmoney.com/great-west-life-assurance-co-can-raises-positio
  [2700/5493] ok=1368 last=too_short                    http://us.acrofan.com/detail.php?number=482352
  [2750/5493] ok=1394 last=OK                           https://www.insidermonkey.com/blog/is-caretrus-reit-inc-ctre-a-good-st
  [2800/5493] ok=1413 last=OK                           https://www.cincinnati.com/story/news/2019/06/19/cincinnati-streetcar-
  [2850/5493] ok=1442 last=too_short                    https://www.playstationlifestyle.net/2025/09/19/battlefield-6-ps5-grap
  [2900/5493] ok=1478 last=status_526_or_non_html       https://www.wkrb13.com/2024/04/07/insider-selling-hashicorp-inc-nasdaq
  [2950/5493] ok=1505 last=status_526_or_non_html       https://theenterpriseleader.com/2023/09/26/hashicorp-nasdaqhcp-and-sms
  [3000/5493] ok=1534 last=OK                           https://blog.tmcnet.com/blog/rich-tehrani/e-commerce/centurylink-adds-
  [3050/5493] ok=1567 last=status_403_or_non_html       https://www.healthcareitnews.com/news/how-assess-security-hospital-iot
  [3100/5493] ok=1594 last=OK                           https://www.blufftontoday.com/story/news/2020/11/03/three-story-multi-
  [3150/5493] ok=1616 last=status_526_or_non_html       https://www.wkrb13.com/2024/05/07/research-analysts-price-target-chang
  [3200/5493] ok=1630 last=status_404_or_non_html       http://www.nephrologynews.com/rsn-opens-15th-annual-essay-contest/
  [3250/5493] ok=1651 last=OK                           https://www.itnewsonline.com/news/Tima-Networks-to-Create-USD100M-Fund
  [3300/5493] ok=1672 last=OK                           https://www.oneindia.com/india/universities-to-improve-quality-of-teac
  [3350/5493] ok=1688 last=too_short                    http://www.stockmarketstop.com/newfield-exploration-company-nfx-faring
  [3400/5493] ok=1705 last=OK                           https://www.sunnewsonline.com/5-mtv-base-shows-to-watch-in-2019-2/
  [3450/5493] ok=1737 last=OK                           https://www.investors.com/news/technology/verizon-stock-verizon-earnin
  [3500/5493] ok=1771 last=OK                           https://www.mobilitytechzone.com/lte/news/2020/10/14/9237463.htm
  [3550/5493] ok=1797 last=ConnectionError              https://www.etfdailynews.com/2023/12/14/r1-rcm-inc-nasdaqrcm-given-ave
  [3600/5493] ok=1818 last=status_404_or_non_html       https://www.tickerreport.com/banking-finance/12844273/dun-bradstreet-n
  [3650/5493] ok=1848 last=OK                           https://blueprint.ng/dun-bradstreets-vend-r-connects-5000-vendors-to-e
  [3700/5493] ok=1874 last=OK                           https://squatchrocks.com/ixp/163/p/raos-soup-recall-includes-minnesota
  [3750/5493] ok=1896 last=status_404_or_non_html       https://www.aiwaegypt.com/government-services/19436/%D8%B1%D9%82%D9%85
  [3800/5493] ok=1931 last=status_403_or_non_html       https://www.al-akhbar.com/Cinema/297472/%D9%81%D9%8A%D9%84%D9%85-%D9%8
  [3850/5493] ok=1957 last=OK                           https://www.ocbj.com/newsletter-feed/alteryx-3q-revenue-beats-estimate
  [3900/5493] ok=1965 last=status_526_or_non_html       https://theenterpriseleader.com/2023/05/17/short-interest-in-gaming-an
  [3950/5493] ok=1986 last=ChunkedEncodingError         https://joker.com/?mode=order_clear_list&Joker_Session=28c8fae35c3d688
  [4000/5493] ok=2004 last=OK                           http://www.castanet.net/edition/news-story-199124-21-.htm
  [4050/5493] ok=2032 last=OK                           https://www.pb.pl/rynek-przechyla-sie-w-kierunku-podwojnej-obnizki-122
  [4100/5493] ok=2055 last=too_short                    http://www.wwl.com/media/audio-channel/food-show-and-battle-new-orlean
  [4150/5493] ok=2065 last=too_short                    https://www.msn.com/en-us/money/markets/what-did-the-stock-market-do-t
  [4200/5493] ok=2082 last=ConnectionError              https://www.whitehouse.gov/briefing-room/statements-releases/2023/01/1
  [4250/5493] ok=2082 last=ConnectionError              https://www.wabashplaindealer.com/news/duke-energy-indiana-plans-gradu
  [4300/5493] ok=2082 last=ConnectionError              https://www.wkrb13.com/2024/08/09/azek-nyseazek-price-target-cut-to-46
  [4350/5493] ok=2082 last=ConnectionError              https://www.dailypolitical.com/2019/08/05/0-21-eps-expected-for-synerg
  [4400/5493] ok=2082 last=ConnectionError              https://www.tickerreport.com/banking-finance/4137856/src-energy-inc-to
  [4450/5493] ok=2086 last=OK                           https://katcountry989.com/2022/11/23/vista-exploring-deal-to-buy-coupa
  [4500/5493] ok=2103 last=OK                           https://timesofindia.indiatimes.com/blogs/data-science-vibes/pati-patn
  [4550/5493] ok=2137 last=OK                           https://www.worcestermag.com/story/lifestyle/2022/02/25/sarah-connell-
  [4600/5493] ok=2157 last=too_short                    https://www.fool.com/investing/2021/11/11/4-of-fastest-growing-stocks-
  [4650/5493] ok=2189 last=OK                           https://jalopnik.com/automakers-dont-want-to-get-in-an-ev-price-war-wi
  [4700/5493] ok=2213 last=status_404_or_non_html       https://www.chron.com/business/article/TravelCenters-Q2-Earnings-Snaps
  [4750/5493] ok=2231 last=status_404_or_non_html       https://www.fmiblog.com/2022/03/04/epilepsy-monitoring-devices-market-
  [4800/5493] ok=2254 last=too_short                    https://www.radiomontecarlo.com.uy/articulos/articulos_masinfo.php?sec
  [4850/5493] ok=2279 last=status_404_or_non_html       https://www.themarketsdaily.com/2026/01/03/terns-pharmaceuticals-inc-n
  [4900/5493] ok=2309 last=OK                           https://www.finanznachrichten.de/nachrichten-2021-12/54727008-nasdaq-i
  [4950/5493] ok=2330 last=status_401_or_non_html       https://www.barrons.com/articles/oil-rises-again-as-supply-remains-sub
  [5000/5493] ok=2371 last=OK                           https://dynamicbusiness.com/leadership-2/lets-talk-business/lets-talk-
  [5050/5493] ok=2413 last=OK                           https://www.pymnts.com/earnings/2024/fis-sees-record-sign-ups-for-core
  [5100/5493] ok=2431 last=ConnectionError              https://forextv.com/top-news/chemical-warehousing-market-to-reach-us-2
  [5150/5493] ok=2450 last=OK                           https://www.benzinga.com/general/biotech/25/03/44286904/dyne-therapeut
  [5200/5493] ok=2467 last=too_short                    http://forimmediaterelease.net/tervita-corporation-announces-sharehold
  [5250/5493] ok=2481 last=status_404_or_non_html       https://www.investmentnews.com/article/20181217/FREE/181219939/td-veo-
  [5300/5493] ok=2502 last=status_401_or_non_html       https://www.barrons.com/articles/barrons-after-hours-digirad-surges-sc
  [5350/5493] ok=2520 last=OK                           https://www.yesweekly.com/business/2021-the-triad-s-best-winners-annou
  [5400/5493] ok=2545 last=OK                           https://www.thedailynewsonline.com/bdn01/buffalo-diocese-sets-listenin
  [5450/5493] ok=2567 last=OK                           http://www.slate.com/blogs/xx_factor/2017/05/04/watch_some_very_happy_
Done. 2,585/5,493 fetched this run (47.1% yield).
Total cache: 5,493 rows -> /Users/cindyfu/Desktop/UCB/Industry Project - JPM/data/raw/news/ma_event_article_text.csv
